<?xml version="1.0" encoding="utf-8"?><testsuites><testsuite name="pytest" errors="4" failures="0" skipped="0" tests="4" time="0.819" timestamp="2026-04-11T23:06:15.853681-04:00" hostname="DESKTOP-BQ1JE3H"><testcase classname="" name="tests.test_detectors" time="0.000"><error message="collection failure">C:\ProgramData\anaconda3\Lib\site-packages\_pytest\python.py:493: in importtestmodule
    mod = import_path(
C:\ProgramData\anaconda3\Lib\site-packages\_pytest\pathlib.py:587: in import_path
    importlib.import_module(module_name)
C:\ProgramData\anaconda3\Lib\importlib\__init__.py:88: in import_module
    return _bootstrap._gcd_import(name[level:], package, level)
&lt;frozen importlib._bootstrap&gt;:1387: in _gcd_import
    ???
&lt;frozen importlib._bootstrap&gt;:1360: in _find_and_load
    ???
&lt;frozen importlib._bootstrap&gt;:1331: in _find_and_load_unlocked
    ???
&lt;frozen importlib._bootstrap&gt;:935: in _load_unlocked
    ???
C:\ProgramData\anaconda3\Lib\site-packages\_pytest\assertion\rewrite.py:184: in exec_module
    exec(co, module.__dict__)
tests\test_detectors.py:9: in &lt;module&gt;
    from src.agents.detectors.injection_detector import detect_injection
src\agents\detectors\injection_detector.py:1: in &lt;module&gt;
    from src.core.llm import get_llm
E     File "C:\Users\mahek\Desktop\USF\semesters\2026 Spring\agentic_ai\final_project\security-agent\src\core\llm.py", line 2
E       &lt;&lt;&lt;&lt;&lt;&lt;&lt; HEAD
E       ^^
E   SyntaxError: invalid syntax</error></testcase><testcase classname="" name="tests.test_end_to_end_scenarios" time="0.000"><error message="collection failure">C:\ProgramData\anaconda3\Lib\site-packages\_pytest\python.py:493: in importtestmodule
    mod = import_path(
C:\ProgramData\anaconda3\Lib\site-packages\_pytest\pathlib.py:587: in import_path
    importlib.import_module(module_name)
C:\ProgramData\anaconda3\Lib\importlib\__init__.py:88: in import_module
    return _bootstrap._gcd_import(name[level:], package, level)
&lt;frozen importlib._bootstrap&gt;:1387: in _gcd_import
    ???
&lt;frozen importlib._bootstrap&gt;:1360: in _find_and_load
    ???
&lt;frozen importlib._bootstrap&gt;:1331: in _find_and_load_unlocked
    ???
&lt;frozen importlib._bootstrap&gt;:935: in _load_unlocked
    ???
C:\ProgramData\anaconda3\Lib\site-packages\_pytest\assertion\rewrite.py:184: in exec_module
    exec(co, module.__dict__)
tests\test_end_to_end_scenarios.py:26: in &lt;module&gt;
    from src.main import run_full_pipeline
src\main.py:16: in &lt;module&gt;
    from src.agents.detectors.configuration_detector import detect_configuration
src\agents\detectors\configuration_detector.py:1: in &lt;module&gt;
    from src.core.llm import get_llm
E     File "C:\Users\mahek\Desktop\USF\semesters\2026 Spring\agentic_ai\final_project\security-agent\src\core\llm.py", line 2
E       &lt;&lt;&lt;&lt;&lt;&lt;&lt; HEAD
E       ^^
E   SyntaxError: invalid syntax</error></testcase><testcase classname="" name="tests.test_integration" time="0.000"><error message="collection failure">C:\ProgramData\anaconda3\Lib\site-packages\_pytest\python.py:493: in importtestmodule
    mod = import_path(
C:\ProgramData\anaconda3\Lib\site-packages\_pytest\pathlib.py:587: in import_path
    importlib.import_module(module_name)
C:\ProgramData\anaconda3\Lib\importlib\__init__.py:88: in import_module
    return _bootstrap._gcd_import(name[level:], package, level)
&lt;frozen importlib._bootstrap&gt;:1387: in _gcd_import
    ???
&lt;frozen importlib._bootstrap&gt;:1360: in _find_and_load
    ???
&lt;frozen importlib._bootstrap&gt;:1331: in _find_and_load_unlocked
    ???
&lt;frozen importlib._bootstrap&gt;:935: in _load_unlocked
    ???
C:\ProgramData\anaconda3\Lib\site-packages\_pytest\assertion\rewrite.py:184: in exec_module
    exec(co, module.__dict__)
tests\test_integration.py:9: in &lt;module&gt;
    from src.main import run_full_pipeline
src\main.py:16: in &lt;module&gt;
    from src.agents.detectors.configuration_detector import detect_configuration
src\agents\detectors\configuration_detector.py:1: in &lt;module&gt;
    from src.core.llm import get_llm
E     File "C:\Users\mahek\Desktop\USF\semesters\2026 Spring\agentic_ai\final_project\security-agent\src\core\llm.py", line 2
E       &lt;&lt;&lt;&lt;&lt;&lt;&lt; HEAD
E       ^^
E   SyntaxError: invalid syntax</error></testcase><testcase classname="" name="tests.test_triage_agents" time="0.000"><error message="collection failure">C:\ProgramData\anaconda3\Lib\site-packages\_pytest\python.py:493: in importtestmodule
    mod = import_path(
C:\ProgramData\anaconda3\Lib\site-packages\_pytest\pathlib.py:587: in import_path
    importlib.import_module(module_name)
C:\ProgramData\anaconda3\Lib\importlib\__init__.py:88: in import_module
    return _bootstrap._gcd_import(name[level:], package, level)
&lt;frozen importlib._bootstrap&gt;:1387: in _gcd_import
    ???
&lt;frozen importlib._bootstrap&gt;:1360: in _find_and_load
    ???
&lt;frozen importlib._bootstrap&gt;:1331: in _find_and_load_unlocked
    ???
&lt;frozen importlib._bootstrap&gt;:935: in _load_unlocked
    ???
C:\ProgramData\anaconda3\Lib\site-packages\_pytest\assertion\rewrite.py:184: in exec_module
    exec(co, module.__dict__)
tests\test_triage_agents.py:9: in &lt;module&gt;
    from src.agents.triage.prosecutor import ProsecutorAgent
src\agents\triage\prosecutor.py:11: in &lt;module&gt;
    from src.core.llm import get_llm
E     File "C:\Users\mahek\Desktop\USF\semesters\2026 Spring\agentic_ai\final_project\security-agent\src\core\llm.py", line 2
E       &lt;&lt;&lt;&lt;&lt;&lt;&lt; HEAD
E       ^^
E   SyntaxError: invalid syntax</error></testcase></testsuite></testsuites>